ловажи. – Ђе̏ си те̑ смо̏кве ку́пијо? Не̑ће
ти та̑ ро̏ба изду̀рат нѝ мјесе̄ц да́на̄! – Ба̏ш
си пра̑ва̄ смо̏ква! изр. а̏ј (а̀јде) у̀ смокве! ка-
же се некоме кад досађује ријечима или
понашањем; кад нешто радимо, па нам 
не полази за руком. – А̏ј у̀ смокве ѝ тӣ и 
тво̀ја у̀такмица! по̀слат некога или нешто у̀ 
смокве каже се кад неко досађује, зано-
вијета и сл. – Што̏ ти̑ ње̏га слу̏ша̄ш? По-
ша̀ји га у̀ смокве! и̏ма̄ смо̏ка̄ва̄ су̀хијех нема 
ништа. – „Што̏ и̏ма̄ у̀ то̄н шка̏тули?“ – 
„И̏ма̄ ти смо̏ка̄ва̄ су̀хијех!“ – „Јѐси ли ми
што̏ до̏нијо?““ – „Јѐсан, смо̏ка̄ва̄ су̀хи
јех!“

смо̀квен, -а, -о придј. неваљао, неуго-
дан, никакав. – Ка̀кво је о̀во̄ смо̀квено
врије́ме! Ки̏ша три́ да̄на па̏да̄ и нѐ стаје̄!

смо̀квено прил. никако, лоше. – 
„Ка̏ко ти је на̀ ново̄му по̀слу?“

|66

 – „Смо̀квено!“

смоквѐтина ж (пеј. од смо̏ква) нева-
љала смоква. – Би̑ло је на̀ плаци смоквѐ-
тӣна̄ колико̀ хоћеш.

смо̀лит, смо̏лин свр. измолити неку
молитву. – Смо̀лила је у̀ цркви Очѐна̄ш
и по̀шла до̏ма.

/смо̀тат/ изр. ~ рѐпицу покупити се и
поћи. – Кад ми је чу̏о гла̑с, смо̀то̄ је рѐпи-
цу и по̀бјего̄.

смо̀чит, -ӣн несвр. јести хљеб с нечим.
– Гу̀ста̄ га смо̀чит си̏р с кру̏хон.

смра̑д м врло неугодан мирис (воњ),
који се осјећа далеко од свог исходишта. 
– Шѝлок је; прико Песка̀рије̄ се нѐ може
па̀сат о̏(д) смра̄да!

смр̀де̄ћ, -е́ћа, -е́ће придј. покварен (ми-
сли се на храну). – Све̏ ме̑со у ко̀ма̄рди је
ју̏тро̄с смрде́ће.

смр̀ђет, -дӣн несвр.  I. смрдјети, шири-
ти неугодан мирис. – Ри̏ба смр̀дӣ, ба́ци
је!  II. ~ се кварити се и добијати неуго-
дан мирис. – На врућѝни се ме̑со бр̏зо
смр̀дӣ.

смрѐкиња ж плод смреке, бобица
смреке. – Пу̏н је кошѝчић смре̏кӣња̄.

смркни́ват се, смр̀кнӣва̄ се несвр. смр-
кавати се. – Ра̏но сва̏не̄, а до̀цна се
смр̀кнӣва̄. – До смркни́ва̄ња не̑ма̄ ви̏ше̄ 
от по́ уре̄!

смркну́ће с 1. сумрак, први мрак. – 
Вра́тили смо се до̏ма у смркну́ће. 2.по-
мрачење свијести од великих брига.
– Ску̏пӣ ми се прид о̀чима све̏ што је смрк-
ну́ћа.

/смр̏т/ изр. смр̏т ми је (нешто учинит)
тешко ми је нешто урадити. – Смр̏т ми
је по̑ћ у̀ њӣх, а мо̑ра̄н.

смр̀тније̄ прил. теже, горе. – Не̑ма̄
ми ни̏шта смр̀тније̄ него че̏кат у̏ре ѝ уре
док се презѐнта̄ш ѝс куће̄.

смр̀чика ж плод (црна бобица) смре-
ке. – Ше́тали смо се и бра̑ли смр̀чике по
Ла́паду.

смр̏шат, -а̄н свр. смршавити, омрша-
вити. – Смр̏шала сан три̑ ки́ла у̀ мјесе̄ц
да́на̄.

сму̀гурица ж дугуљасти црв сличан
гусјеници; у говору се употребљава нај-
чешће у погрдном значењу за женску
особу која је одбојна и антипатична. 
– Ако о̀на̄ Пе́рова сму̀гурица чу̏је̄ ђе̏ је о̑н
би̏јо ју̀че̄р, не̑ће се до̀бро па̀сат!

сму̀гуричина ж (пеј. од сму̀гурица) –
Са̏мо нека ми на̏ очи до̑ђе̄ о̀на̄ тво̀ја сму̀-
гуричина, чу̏ће ме што̏ се пр̏тӣ у мо̀је по̀-
сле!

сму̏дӯт м врста бијеле морске рибе
(бранцин, лубин, Lupus labrax, Dicentra-
rachus labrax). – Јѐдан баркарѝјо̄л је у̀хи-
тијо ве̏лико̄га сму̏дӯта. 

сму̑ћено прил. збуњено, недовољно ја-
сно. – Гово̀ријо је сму̑ћено ко да је ја́ко
устрѐшен.

сму́цат се, сму̑че̄н се (и: сму̑ца̄н се) 1.
вуцарати се, вући се наоколо, клатари-
ти се. – Сму̑ца̄ш се, а по лѝбрима лѐгла
пра̀шина! – Ка̀кво је о̀во̄ сму́ца̄ње по̀
улици у̀ ра̄дњӣ да̑н? 2. потезати ногу за
ногом, тешко ићи. – Сри̏јо сан га на̀ Пи-
лама: сму̑че̄ се, у сла̀бо̄н је ко̏жи.
