ватра на којој се куха, јело и сл. – Сме́ло
ми се ти̏јесто па ни̏ка̄ко да у̀скисне̄. – 
А̏ко ми се са̏д о̀гањ сме́те̄, не̑ће ју́ха ла̀ко
про̀врет.

сме́стит се в. смести се.

/сме́тат/ изр. сме̑та̄ ми (нешто гледати,
видјети) – Сме̑та̄ ми слу̏шат лу̏дости. –
Сме̑та̄ ми гле̏дат у̀ сӯнце.

сме́теница ж (и: сметѐница) смушена
женска особа. – Нѐ буди сме́теница, пи̑-
та̄ј а̏ко ти што̏ тре̏ба̄!

сме́теничина ж (и: сметѐничина) (пеј.
од сме́теница) – По̀слали су ми јѐдну
сме́теничину да фрѐга̄ ска̏ле.

сме́тења̄к м (и: сметѐња̄к) смушењак.
– Да̏ ми се је ослобо̀дит о̀вега̄ сме́тења̄ка!

смѐтлишта̄р м онај ко је плаћен да
скупља по улици смеће, сметљар. – Снѐ-
си прѝд вра̄та о̀т куће̄ бро̏ку о(д) смѐтли-
шта, и̏де̄ смѐтлишта̄р!

смѐтлиште с смеће. – Све̏ те̑ карту̀
шине ба́ци у смѐтлиште! – Ку̏ћа ми је
пу̏на смѐтлишта.

смѐтлиштит, -ӣн несвр. бацати смеће
гдје не треба, правити смеће на неком
мјесту. – Че̏ја̄д ба́цају сва̏шта по̀ улици
и смѐтлиштӯ.

сме̏тнут, -не̄м свр. смакнути нешто с
нечега. – Сме̏тни два́ по̄нта с ѝглице̄ па
плѐти да̏ље̄. изр. ~ са̏н с о̏ка врло кратко за-
спати. – И̏де̄н са̏мо ква̏рат о̀д уре̄ по̀чи-
нут да сме̏тне̄м са̏н с о̏ка. ~ с па̏ме̄ти забо-
равити нешто или на нешто. – Сме̏тла
сан с па̏ме̄ти да да̀нас ва̀ја̄ хо̀дит у ку̀по-
вину.

сме́чит, сме̑чӣн свр.  I. 1. згњечити,
спљоштити. – Сме́чићеш ми фра̑гуле с
па̀татама, на дно̀ бӯрсе̄ су. 2. прегазити
некога, згазити. – Сто̑ј а̀те̄нто кад па̀са̄-
ва̄ш у̏лицу да те нѐ сме̄чӣ а̏уто!  II. ~ се 
спљоштити се, згњечити се. – Сме́чиле
су ми се смо̏кве у са̀кету.

смижу̀рат се, -а̄н се свр. (тал. smisura
re) смежурати се. – О(д) ду̀га стаја̄ња
ја̏буке су се смижу̀рале.

/сми̏јех/ изр. пу̏цат (пу̏кнут) о(д) смије́ха
каже се за велики, најчешће спонтан
смијех изазван неким разговором, дога-
ђајем, нечијим поступком. – Пу̏цали
смо о(д) смије́ха ка(д) смо га ви̏ђели она̀-
ко̄ ма̀шкара̄но̄га. ско̀чијо ми је ~ насмијао
сам се неочекивано. – Ско̀чијо ми је
сми̏јех ка(д) сан ви̏дијо да је у̀хитијо ро̑г
за свије́ћу. да́вит се о(д) смије́ха много и од
срца се смијати. – Да́вили смо се о(д)
смије́ха слу̏шајӯћи што̀ ин се све дога́ђа-
ло. чѝнӣ ми ~ засмијава ме, смијешно ми
је нешто. – О̀на се̏ријо припо̀вије̄да̄, а
ме̏ни чѝнӣ сми̏јех кад ви̏дӣн ка̀кву је а̑н-
ду о̀д велико̄га узе́ла. чѝнит смије́хе засми-
јавати некога, изазивати смијех шала
-ма. – Ђе го̏ћ се на̑ђе̄, о̑н чѝнӣ смије́хе, па
је сва̏кому дра̑г.

/сми̏ловат се/ изр. Бо̑к се сми̏лово̄ каже
се кад умре особа која је дуго и тешко
боловала, била немоћна, стара. – Бо̑к
се сми̏лово̄ на̀ јадницу па је у̏зео се̏би.

сми̏слит, -ӣн свр. у мислима подније-
ти некога. – Не мо̀гу га сми̏слит о̀ткад
нас је она̀ко̄ прѝваријо.

сми̏цат, сми̏че̄н несвр.  I. уништава-
ти, убијати психички па посредно и фи-
зички. – Ра̑д нѐ смиче̄, ми̑сли сми̏чӯ.  II. ~ 
се спадати с неког одређеног мјеста, 
положаја, клизати се с нечега. – Сми̏чӯ
ми се па̀нтофуле с но́га̄.

смје́ја̄ње с гл. им. од смје́јат се (Стон,
Поникве) смијање, смијех. – Ѝж њихове̄
ку̏ће̄ се ва̏зда чу̏је̄ смје́ја̄ње.

смје́јат се, -е̄н се несвр. (Стон, Пони-
кве) смијати се. – Ти̑ се смје́је̄ш, ма је
то̑ та̀ко̄!

/смјѐшница/ изр. чѝнит смјѐшнице за
смијавати некога покретима, гримасом
и сл. – Ни̏ко ко о̑н ни́је зно̑ чѝнит смјѐ-
шнице.

смла́чит, смла̑чӣн свр. само мало
угријати нешто. – Смла́чићемо во̏ду да
нѐ буде̄ ба̏ш студѐна.

смо̏ква ж назвати тако некога или
нешто са жељом да се тај или то ома-
