изљу́скам2, изљуска́ја свр. експр. истучем, изударам. — ]у те изљу́скам, де́те,
миру́ј! Ја ћу те, де́те изљу́скам, а́ко се не сми́риш!

_ изма́вам, измава́ја (3. л. мн. пр. изма́вав; аор. измава́, 1. л. мн. измава́мо) свр.
истерам, изјурим, најурим. — Изма́вај коко́шке из ба́шчу да не чапр́љав! А́ко не слу́-
шаш, ћу те изма́вам ис ку́ћу!

измь́згам, измьзга́ја (3. л. мн. пр. измь́згав; аор. измьзга́, 1. л. мн. измьзга́мо)
свр. експр. јако истучем, премлатим; исп. измьстим (3). — Измьзга́ла сьм га ко би́во-
ла у копу́с, мло́го се бе́ше усампаси́ја.

измь́стим, измьсти́ја (3. л. мн. пр. измь́стив; аор. измьсти́, 1. л. мн. измьсти́мо;
импф. измь́стешем, 3. л. мн. измь́стешев; трп. измь́стен) свр. 1. измажем, замажем.
— Које́ си тура́ла на ову́ј столи́цу, све́ виста́н измьсти́?!

2. обојим, офарбам. — Пођо́ куде бојаџи́ју да измь́стим пре́ђу.

3. експр. в. измьзгам. — Мора́ла сьм да га измь́стим, а́ко је моје́, не пома́га моле́ње.

изма́ткам, изматка́ја (3. л. мн. пр. изма́ткав; аор. изматка́, 1. л. мн. изматка́мо)
свр. лукавством намамим, извребам. – ]у гу изма́ткам ја с у́баво, сама́ кьд је, њо́јно
тепа́ње ни́где не́ће га и́ма.

измь́цам, измьца́ја (3. л. мн. пр. измь́цав; аор. измьца́, 1. л. мн. измьца́мо; импф.
измь́цашем, 3. л. мн. измь́цашев) несвр. Ç. измичем, одмичем, померам. — Немо́ј да
измь́цаш леб, јо́ш ћу једе́м! Не измь́цај ше́рпу, мош ће јо́ш сипу́јев!

ÇÇ. ‹ се измичем се, одмичем се, померам се. — Не се измь́цај, мог да про́ђем! Не 
се ти измь́цај, и́мам ја куде́ да се́днем!

изма́цам, измаца́ја (3. л. мн. пр. изма́цав; аор. измаца́, 1. л. мн. измаца́мо) свр.
поједем остатке неког јела умачући залогаје. — Изма́цај тој у тањи́р што ти оста́ло!

изма́цкам, измацка́ја (3. л. мн. пр. изма́цкав; аор. измацка́, 1. л. мн. измацка́мо;
импф. изма́цкашем, 3. л. мн. изма́цкашев) свр. у дем. значењу: измацам. – Изма́цкај
тој пр́жено ис тига́њ па да га опере́м!

измачу́гам, измачуга́ја (3. л. мн. пр. измачу́гав; аор. измачуга́, 1. л. мн. измачу-
га́мо; импф. измачу́гашем, 3. л. мн. измачу́гашев) свр. истучем, измлатим мочугом,
мотком. – Напе́ја мачу́гу па по њу́ма, сти́же гу па гу и́змачуга.

изме́здрим, измездри́ја (3. л. мн. пр. изме́здрив; аор. измездри́, 1. л. мн. изме-
здри́мо) свр. експр. изударам, измлатим, излемам. – Та́тко си гу је ју́трос у́баво из-
мездри́ја, што је до́цкан дошла́ ис ко́рзу.

измерте́чим, измертечи́ја (3. л. мн. пр. измерте́чив; аор. измертечи́, 1. л. мн. из-
мертечи́мо; импф. измерте́чешем, 3. л. мн. измерте́чешев) свр. 1. поставим, прикујем
мертеке, греде под косином, на кровној конструкцији. – Да измерте́чимо кров ви́ка-
мо још и да ди́замо ро́гови на ку́ћу, и тьк се теј све гре́де заки́тив с пешки́ри, кошу́ље,
чера́пе, тој све́ за ма́јстори.

2. фиг. јако изударам, истучем. — Да те бе́ше сти́гја, ћа́ше те измерте́чи!

изме́стим, измести́ја (3. л. мн. пр. изме́стив; аор. измести́, 1. л. мн. измести́мо;
трп. изме́стен) свр. померим зглоб из лежишта, чашице, ишчашим. — — Измести́ла бе-
́ше но́гу па не теја́ да и́де да ву гу наме́стив, не́го тако́ј за́расна, и ськ ћопа́ви.

и́зместо прил. без залета, с места, изместа. — Ће ри́памо и́зместо, не́ће се за-
ли́ћамо.

изме́т м добронамерно дело, помоћ. — Па дај му а́ко си могу́ћан, тој е једь́н изме́т!
