излапи́м, излапе́ја (3. л. мн. пр. излапи́в; аор. излапе́, 1. л. мн. излапе́мо) свр. из-
губим способност здравог, трезвеног расуђивања (обично услед старости), исхла-
пим, посенилим; исп. излонџам. – Остаре́ја, излапе́ја, ће́рко, не́ га слу́шај!

излапо́тина ж и м пеј. исхлапела, сенилна особа. – Не́ га слу́шај то́га излапо́ти-
ну, и́ди си по тво́ј пут!

изль́цкам се, изльцка́ја се (3. л. мн. пр. изль́цкав се; аор. изльцка́ се, 1. л. мн.
изльцка́мо се) свр. много, дуго штуцам, наштуцам се. – Изльцка́ се ју́трос, ми́слим
Ра́да збо́ри од ме́не, а она́ еве́ гу дође́!

излегува́ње с гл. им. од излегујем се. – С ва́шо излегува́ње, све́ рабо́та за́пусте.

излегу́јем се, излегува́ја се (3. л. мн. пр. излегу́јев се; аор. излегува́ се, 1. л. мн.
излегува́мо се; импф. излегу́јешем се, 3. л. мн. излегу́јешев се) несвр. излежавам се,
ленствујем. – Мла́ди се излегу́јев по це́л дьн, а ста́ри рабо́тив, тькво́ вре́ме дошло́.

излеку́јем се, излекува́ја се (3. л. мн. пр. излеку́јев се; аор. излекува́ се, 1. л. мн.
излекува́мо се) свр. излечим се, оздравим. – Не́ће се, ће́рко излеку́јеш по врчари́це,
куде до́ктура да и́деш!

изли́пчем, излипца́ли свр. липшем, угинем липсавајући у одређеним времен-
ским размацима, једно за другим (о већем броју животиња). – Једна́ по једна́, из-
липца́ше ми проле́тос коко́шке, сь[г] купу́јем ја́јца.

изли́ћам, излића́ја (3. л. мн. пр. изли́ћав; аор. излића́, 1. л. мн. излића́мо; пр. 
сад. излића́јећи; импф. изли́ћашем, 3. л. мн. изли́ћашев) несвр. Ç. брзо излазим, истр-
чавам, излећем. – Це́л дьн изли́ћа на сока́г да види́ дьл и́деш.

ÇÇ. ‹ се фиг. непромишљено поступам, говорим и сл., истрчавам се. – Ти не се
изли́ћај! И́ма ста́ри па они́ ће му ка́жев које́ тре́ба!

излића́ње с гл. им. од излићам (се). – До́јаде ми ви́ше с твоје́ излића́ње, се́ди
туј, па кь[д] до́ђе, до́ђе! А́ко му тре́ба не́ка си ку́пи, не́ би му даја́, ти тој на́прави с тво-
је́ излића́ње!

изло́кам, излока́ја (3. л. мн. пр. изло́кав; аор. излока́, 1. л. мн. излока́мо; импф.
изло́кашем, 3. л. мн. изло́кашев) свр. излочем, полочем. – Ова́ј ста́ра свиња́ све́ изло-
ка́ла гу́сто, а на пра́сци оста́ла сь́мо води́ца, да во́диш ред, одби́вај гу дру́ги пут!

изло́нџам, излонџа́ја (3. л. мн. пр. изло́нџав; аор. излонџа́, 1. л. мн. излонџа́мо)
свр. експр. в. излапим. – Ти си, бре чове́ку, излонџа́ја, које́ тој рабо́тиш!? Он не зна́
које́ збо́ри, излонџа́ја!

излопа́там, излопата́ја (3. л. мн. пр. излопа́тав; аор. излопата́, 1. л. мн. излопа-
та́мо; импф. излопа́ташем, 3. л. мн. излопа́ташев) свр. лопатом измешам, промешам
(о житу). – У́зни, И́горе излопа́тај туј пчени́цу по́брго да се су́ши!

излувти́рам, излувтира́ја (3. л. мн. пр. излувти́рав; аор. излувтира́, 1. л. мн. из-
лувтира́мо; импф. излувти́рашем, 3. л. мн. излувти́рашев) свр. излуфтирам, прове-
трим, изветрим. – А́ко је студе́но, мо́ра да излувти́рам со́бу, мло́го сте пуши́ли.

изљу́пим, изљупи́ја (3. л. мн. пр. изљу́пив; аор. изљупи́, 1. л. мн. изљупи́мо;
импф. изљу́пешем, 3. л. мн. изљу́пешев; трп. изљу́пен) свр. скинем кору, љуску с нече-
га, ољуштим. – Изљу́пи ко́мпири па ги ту́ри у во́ду да не поцрни́в!

изљу́скам1, изљуска́ја (3. л. мн. пр. изљу́скав; аор. изљуска́, 1. л. мн. изљуска́-
мо; импф. изљу́скашем, 3. л. мн. изљу́скашев) свр. ослободим омотача, љуске, изву-
чем из омотача, љуске. – Изљу́скај тај млад гра̄ да приста́вим за обе́д! Изљу́скај ми
ти се́мке, ја нуме́м!
