измете́м, изме́ја (3. л. мн. пр. измете́в; аор. изме́то, 1. л. мн. изме́томо; импф. из-
ме́тешем, 3. л. мн. изме́тешемо) свр. метлом почистим, пометем. – Ди́зај се обо́р да
измете́ш па ће и́демо у њи́ве!

изме́тнем се, изметну́ја се (3. л. мн. пр. изме́тнев се; аор. изметну́ се, 1. л. мн.
изметну́мо се) свр. уметнем се, увргнем се (на некога). – Све́ да се оно́ј њи́но дево́јче
на та́тка изме́тне на виђу́, а ми́рно ко ма́јка му.

изме́трим, изметри́ја (3. л. мн. пр. изме́трив; аор. изметри́, 1. л. мн. изметри́мо;
импф. изме́трешем, 3. л. мн. изме́трешев) свр. исечем на комаде од једног метра
(обично о дрвима за огрев). – И́ма си па́ре у ње́га, не́ма се му́чи, дока́рав му др́ва из-
ме́трени.

измећа́р м онај који је слабог имовног стања, који је сиромашан, сиротан, го-
ља. – Не́ма ни́шта тај измећа́р, по ту́ђе њи́ве рабо́ти да издржа́ва фами́лију.

измећа́рка ж она која је сиромашна, сирота, сиротица. – Та́тко ву је бија́ из-
мећа́р, за измећа́ра се одала́, измећа́рка, а ова́м се изди́за.

измешке́рим, измешкери́ја (3. л. мн. пр. измешке́рив; аор. измешкери́, 1. л. мн.
измешкери́мо; импф. измешке́решем, 3. л. мн. измешке́решев) свр. угњавим, изгња-
вим (у игри). – Све́ ћу те измешке́рим, дете́нце, кькво́ си зла́тно!

изми́јем, изми́ја (3. л. мн. пр. изми́јев; аор. изми́, 1. л. мн. изми́мо; импф. изми́-
јешем, 3. л. мн. изми́јешев) свр. Ç. а. оперем лице водом, умијем. – Ја ћу те изми́јем,
кько́ ће и́деш у шко́лу з др́љави о́чи!? б. оперем (о посуђу). – Ја си изми́јем мој шољ
одма́ и ту́рим там у чи́сти су́дови.

ÇÇ. ‹ се умијем се; окупам се. – Изми́ се сь[с] студе́ну во́ду, да се рась́ниш! Згреј

во́ду да се изми́јем, докле деца́ не́су дошли́!

изми́нем, измину́ја свр. прође, протекне, мине (о времену). – Че́кај да изми́не
нико вре́ме, ће и́демо да гу ви́димо.

измити́љим се, измитиљи́ја се (3. л. мн. пр. измити́љив се; аор. измитиљи́ се, 1.
л. мн. измитиљи́мо се) свр. оболим од метиљавости (о овцама). – Она́ј про́ле[д] цве́
ни се о́вце бев измитиљи́ле.

измоди́рам, измодира́ја (3. л. мн. пр. измоди́рав; аор. измодира́, 1. л. мн. измо-
дира́мо) свр. изађе из моде, престане да буде модерно. – Ви́ка, не́ћу но́сим тај капу́т,
тој сьг измодира́ло.

измо́згам, измозга́ја (3. л. мн. пр. измо́згав; аор. измозга́, 1. л. мн. измозга́мо)
свр. исхлапим, поблесавим. – Она́ измозга́ла, не зна́ које́ рабо́ти.

измо́чам се, измоча́ја се (3. л. мн. измо́чав се; аор. измоча́ се, 1. л. мн. измоча́мо
се; импф. измо́чашем се, 3. л. мн. измо́чашев се) свр. испишким се, попишким се. –
А́јде, де́ца, измо́чајте се па на спање́!

измо́чкам се, измочка́ја се свр. у дем. значењу: измочам се. – Па́зи не́ка се из-
мо́чка па га по́сле препови́!

измр́дам, измрда́ја (3. л. мн. пр. измр́дав; аор. измрда́, 1. л. мн. измрда́мо) свр.
извучем се из неке непријатне, неугодне ситуације, изврдам. – Не́ће га измр́даш ма́ј-
кин си́не, два пу[т] цу ти одлага́ли, сь[г] ће мо́раж да и́деш у во́јску!

измрдува́ње с гл. им. од измрдујем. – До́ста је било́ измрдува́ње од во́јску, ал
сьг не́маш куде́, мо́ра да и́деш!

измрду́јем, измрдува́ја (3. л. мн. пр. измрду́јев; аор. измрдува́, 1. л. мн. измрду-
ва́мо; импф. измрду́јешем, 3. л. мн. измрду́јешев) несвр. извлачим се из неке непри-
