ла́бњим несвр. стално се
крећем. „Што толи́ко ла́бњши? 
Заста́ни ма́лко" (Бачвиште).

ла́буда ж бела и снажна
овца (Дреновац).

ла́вина ж (тал. lavina) не-
погода, олуја. „Пла́шиим се да
не уда́ри нека ла́вина и да
уни́шти зре́лу пченѝцу" (Доње
Жапско).

льгь́м м појачање (обично
ватре). „Дај на о́гањ льгь́м док
проте́чи раки́ја" (Владовце).

ладни́к м зградица на се-
новитом месту, најчешће од
искованих даска, у којој се лети
чувају млечни производи.
„Ће́рко, доне́си на деца́ мле́ко
из ладни́к" (Горња Трница).

ладњи́к м в. ладник (Власе).

ладњика́в, -а, -о помало
хладан. „Не́што ладњика́во
вре́ме у апри́л" (Врање).

льжа́ње с лагање. „У
Вра́ње не́ма льжа́ње: сто ки́ла
кру́шке, две́ста ки́ла др́шке"
(Врање).

ль́жем се несвр. водим љу-
бавни разговор. „Ода́мна се сас
туј дево́јку ль́же, ће се же́ни"
(Доње Требешиње).

льжо́ван, -вна -вно лажан;
варљив. „Ти́ja су пе́тли, Ди́ме,
льжо́вни" (нар. пес.) (Црвени
Град).

Лажојци м мн. род у
Стропском. Једном је, кажу,
чума походила њихову махалу,
али су је они излагали, украли
јој грне и сломили га. Зато су
их прозвали Лажојци.

лаз м пропланак; мали
простор у шуми или поред
шуме где је дрвеће посечено да
би се добила обрадива земља
(Пчиња).

ль́за ж низа манистара за
врат. „Брат бил у Вра́ње и
купи́л ль́за за до́ду" (Ново Се-
ло на Варденику).

Ла́зарачка субо́та ж праз-
ник Лазарева субота.

Ла́зарев ка́мен м стена на
брегу брда Џугле у Првонеку.
Верује се да су се ту скамениле
девојке лазарице.

ла́заричка ж девојчица која
по потреби замењује лазара.
У лазарицама је било шест
девојчица: две предњице, две
задњице, лазаричка и лазар
(Моштаница).
