ла́зарка ж накићена девој-
чица која иде испред четири
лазарице на Лазареву суботу
или уочи ње. Она не пева, само
игра (Бачвиште).

ла́зарче с весник пролећа
жуте или црвене боје, цвета
око Лазареве суботе (Врање).

лази́на ж в. лаз.

Лази́на ж потес у Старој
Брезовици.

лази́нка ж дем. од лазина.

лазу́рка ж дем. од лаз. 
„Лазу́рка је го́ло ме́сто у шу́му“
(Мијаковце).

лаја́ћан, -ћна, -ћно пас
чувар куће који лаје. „Не́си
купи́ја лаја́ћно ку́че, него
овча́рско" (Ратаје – Крмољ).

лакода́јка ж погрд. не-
морална жена. „И́шла је тај
лакода́јка и сас Ту́рци и сас
кау́ри“ (Врање).

ла́комица ж место на во-
деничној вади где се вода
испушта (Горње Требешиње).

лакрди́ја ж (тур. lâkirdi –
реч; говор) реч; говор; шала;
изрека. „Лакрди́ја не́ма крај. “
„И́ма и за те́бе једна́ лакрди́-
ја.“ „Ми́ле – дука́т лакрди́ја“
(Врање).

ла́ла ж (перс.) (тур. lâla)
назив за старију сестру (Врањ-
ско Поморавље). Понегде деца

називају лалом очеву сестру, 
обично док је девојка (Горње
Жапско). У Пољаници млађе
јетрве ословаљавају старију са 
лале.

Ла́ле м надимак (Врање). 

ла́лка  ж хип. од лала.

Ла́мбре м Цинцарин који
је живео у Букуревцу.

ла́мња м-ж ала; прождр-
љива особа. „Је́де како ла́мња“
(Доброшево).

Ла́мњини м мн. породични
надимак (Ратаје).

лану́шка ж врста летње
крушке (Клисурица).

ла́пало с погрд. особа која
халапљиво једе. „Не во́лим с

ње́га да је́дем, голе́мо је ла́па-

ло“ (Врање).

Ла́пинска ма́ла ж ново на-
сеље у Прешеву с обе стране
старог пута за Трнавску Реку.

ла́повина ж лапавица. „Ки́-
ша, снег, ла́повина, али ја и́дем
у Ку́кавицу" (Куново).

лапр́да м погрд. брбљивац.
„Заћу́ти, бре лапр́до је́дан!"
(Врање).

ль́пћам несвр. лајем. „Не́-
што цел ноћ ку́чики ль́пћав“
(Ново Село, Пчиња).

ль́пћа́ње с гл. им. од льп-
ћа(ти).
