Ле́бовац м ливаде и паш-
њак у Миливојцу, где је пос-
тојало истоимено насеље.

лева́нта м (перс.) (тур. lev-
ant) висок и плећат човек.
„Не́си се метна́ја на де́ду ти, он
бе́ше висо́к, сас широ́ки ра́ме-
на, прав лева́нта" (Врање).

левокра́јка ж девојчица или
девојка барјактарка која је с
леве стране у обредној повор-
ци краљица (Мањак).

Ле́втер м (грч. eléuterije –
слободан) име (Врање).

Ле́втерка ж име (Врање).

ле́гам (имп. ле́гај; аор. ја
лега́, ти лега́; пр. сад. лега́јећи)
несвр. лежим. „Та́тко ти те́шко
бо́лан ле́га." „ Од тјь бо́лес ја
лега́ чи́тав мећсец" (Доње Тре-
бешиње).

лега́ње стп. им. од лега(ти).

лега́чки, -а, -о који је лак

(посао). „Тра́жим да бу́дем
не́где стра́жар или не́ку дру́гу
лега́чку рабо́ту" (Врање).
Ле́дена сте́на ж део Врања.
Ледени́к м чувени извор
испод Облика у Иногошту.
лежечки́м лежећи. „Лежеч-
ки́м се тој не рабо́ти, не́го се
ди́гни" (Врање).
лежоа́ј м велики нерадник.
„Tьj лежоа́ј не́ће мати́ку не́го
 лад" (Жујинце).

лежоа́јка ж велика нерад-
ница. „Не ми гу тре́ба у ку́ћу
тај лежоа́јка" (Жујинце).

лежоа́јство с ленствовање. 
„Он не тра́жи рабо́ту, него
лежоа́јство" (Врање).

лезе́т м (ар.) (тур. lezzet -
укус; сладост) сласт; укус. „Н́е-
је тој ви́ше лез́ет." „Сас лезе́т
сам се гости́ја" (Врање).

ле́зоња м пеј. човек који се
непристојно смеје, показујући
зубе. „Те га тьј ле́зоња, па се
сме́је" (Струганица).

лезо́тина м и ж в. лезоња.
„Са́мо се ле́зиш, лезо́тино је́-
дан!" (Врање).

ле́јка ж 1. врг Lagenaria
vulgaris; плод врга.

2. пеј.  глава. „Ни́шта му
ле́јка не разби́ра."

3. посуда за воду и друго
пиће  начињена од осушеног
плода врга (Бујановац).

ле́јче с дем. од лејка. „Дај
ми једно́ ле́јче во́ду" (Клино-
вац).

леку́јем се несвр. лечим се
 „Бе́ре тра́вке у Девоти́н и ле-
ку́је се" (Врање).

леле́јка ж љуљка за одојче,
која је обично од вунене тка-
нине са врпцама на крајевима
за везивање. „Де́те га доне-
со́ше из Со́лачку Сену́ у
