2. узети крадом, присвојити туђе. —
Прича се да је ћопијо нечије паре, па ено
заендо кућу на два боја.

ћо̏р узв. којим се позива на трампу,
размјену. — Ој ли ћор са бритвулинима?

в. ћорнути.
ћорбу̀џа̄к м буџак, ћошак, мјесто у
каквом ћошку. — Згучила се кукавуља у

оном ћорбуџаку и ту ти проводи живот,
куку јој, ко̑ е!

ћоре́так, -тка м фиг. око које је издао
вид. — Не видим на ове црне ћоретке ни
бијелу мачку, а камоли што друго.

ћорѐтати, -а̄м несвр. ићи неглетке;
кретати се кроз тмушу, ћорати. — За-
жмирило, па ћорета кроз оне крше, док се
неђе грдом нагрди. Неће да уждију лампу,
но штеде ону цркавицу гаса и ћоретају у
мраку сву драгу ној.

ћо̀рило с слепило, ћоравост, обневи-
дјелост. — Какав је, дабогда га снашло
ћорило.

ћо̀рлук м 1. обневидјелост, ћоравост.
— Остаро сам, оџогијо сам, уватијо ме
ћорлук, е нијесам ти приспијо ни за шта.

2. незнање, непросвјећеност, неиску-
ство. — Ћорлук нас је довео до прос́ачког
штапа.

ћо̏рнӯти, -не̄м свр. 1. замијенити,
промијенити, трампити. — Ћорнули смо
кресива.

2. узети крадом, украсти. — Нико не
зна шта је та досле ћорно.

в. ћор.

ћоро̀миша ж игра у колу у којој се
играч завезаних очију (ћоромиша) креће
унутрашњом страном кола, пипка играче
и препознаје их. — Ћоромиша пипколи
играче а они му пјевају: “Ћорај, ћоро,
слушај сада, / како пљева српска млада, /
сад погоди ко је то, / не би л дошо на
мљесто.“ Ако ћоромиша препозна играча,
онда се замјењују и тако док им се игра не
досади.

в. тутумиша.

ћо̀ртек м ударац, шамар. — Вала, ако
ти не накујем ћортек, не била која сам!

в. ћутек.
ћо̏са̄ти се, -а̄м се несвр. ћасати се.

ћо̀шнӣк, -и́ка м 1. ћошак, угао. — Ста-
ви бурило у ћошник. Свали се у ћошник и
с́еде.

2. камен узидан у ћошак зида, угаони
камен. — Није добро, ноћас сањам да се
сорго ћошник от куће.

ћуба̀јлија м младић са великом косом.
— Ану ти ћубајлија: колико је два пута
два?

ћу́бити, ћу̑бӣм несвр. стајати са
осјећањем нелагодности, чекати на јед-
ном мјесту. — Ид у кућу, шта ћубиш на
тој вљетрометини, таван не бијо.

в. ћубљети.

ћу́бљети, -ӣм несвр. в. ћубити.

ћу̀вуље узв. говеду да иде. — Ћувуље
отале, цријева ти се не сукала!

ћу̀ја узв. говеду да иде. — Ћуја амо,
баксузе један!

ћу̏к узв. којим се маме кокоши да до-
ђу. — На Божић оћаше баба Томана от по-
рожја (ужета којим се волови пороже и
воде) направити круг и у њ просути жито,
а онда некако молећиво узвикнути: “Ћук,
кока, у једно јато одиле, у једно гнијездо
носиле!“, и ако кокошке уђу у круг неће
се разгнијежђивати, а носиће јаја у једно
гнијездо.

ћу́кнути, ћу̑кне̄м несвр. вабнути пса.
— Ако не биде овако како сам ти реко,
ћукни ме ко онога иза коца.

ћу̏кнӯти, -е̄м несвр. 1. позвати, нама-
мити кокошке да дођу. — Кат ћукну коко-
шке, оне се све сјатише око ње.

2. фиг. појести нешто на брзину. —
Ћукни то часком и не нагуђуј.

ћу-ко́ка узв. кокоши да дође. — Кад
би стрина викнула: “ћу-ко́ка, ћу-ко́ка!“,
кокоши потрче да се поломе.

ћула́нак, -нка м дио сулундара од зе-
мљане пећи који улази у димњак. — Оста-
ви та луч на ћуланак да се не затури у те
тантаре.
