ћеле́так, -тка м 1. ћела, коса која се
прориједила. — На глави има један ћеле-
так косе. Лијепо му стоји они ћелетак.

2. онај који је излизан, поцијепан,
стар, исхабан (обично о одјећи). — Обуко
накав ћелетак капута, па дркће.

ћѐпало м клада на којој се цијепају
дрва. — Види ћепало, па ћеш одма знати

какав је домаћин.
| ће̏пак, -пка, -пко које се лако цијепа.
— Букове лиге су ћепке. Убери које ћепко
дрво.

ћѐпчић м дем. од цијепац (уско и ду-
гачко парче земље, земљишна парцела). —
Дали су ми приде ови ћепчић земље.

в. цијепац.

ће̏р до̏тле изр. за сначењем: нако та-
ко, не може бити боље, домаћински. — У
Миладина има ћер дотле лијепа ђевојка.
Дочекали су нас ћер дотле.

ће̏ртӣти, -ӣм несвр. мјерити, размје-
рати. — Ко ће ви ћертити јапију? Оће да
ћерти грађу, а нема појма.

в. ућертити.

ће̏сак, -ска, -ско који је узак, тијесан,
скучен. — Кућа му је млого ћеска. Оплела
ми је ћеске приглавке.

в. ћескотан.

ћѐскӣн, -и́на м онај који је брз, отре-
сит, дамарли. — Не мореш ти ни опепе-
лити са онијем ћаскином.

ће̏скотан, -тна, -тно в. ћесак.

ће̏та ж прамен (бијеле косе). — У по-
шалици: „У сеоског кмета, / на срет чела
ћета, / испот ћете боре, / па га жене дво-

ре.“



ће̏тоноса̄љ м онај који има биљег на
носу. — Рођен је ко ћетоносаљ.

ћѝкара ж шоља. — Немаше у кући ни
ћикару варенике.

ћи̏ла ж женска лакомислена, непро-
мишљена, нестална. — Не уздај се у ћилу
да ти јадна мајка није.

ћи̏ла̄ш м коњ пепељасте, сиве длаке.
— Пошалица о похари пшенице која се де-
сила у селу Безују: „Славу слави деветоро
коња, / на главици, Станковој шеници, / 

наздрављала Сићова ждребица: / 'Здрав
си брате, Машутов дорате, / и Племенко,
Богданов зеленко, / здрав Ћилашу, Тодо-
рев брњашу, / да се ове славе не минемо, /
док пошљењи сноп не преврнемо!“.

ћѝлдиса̄ти, -ше̄м свр. изгубити снагу,
исцрпсти се, малаксати, онемоћати. — 
Ћилдисо сам, крочити не могу.

ћилѝмати се, -а̄м се несвр. изводити
шалу, шегачити се (са неким, нечим). —
Нашо си да се ћилимаш са старом бабом,
што не тражиш своју суврс, погани једна.

ћѝлипе̄рка ж женска лакомислена,
нестабилна, непромишљена. — Благо ти у
памет, ка[д] тражиш от ћилиперке да ти
да̂ с́ет.

ћи̏нте̄рци м (обично у множини) које-
какви папирићи, хартијице, списи. — Вала
си дозлогрдијо и Богу и народу се тијем
твојијем ћинтерцима.

ћѝпрана ж женска која је дрска, без-
очна. — Њему ће ћипрана запржити чор-
бу.

ћо̏ја узв. којим се гони говедо. — Ћоја,
врат сломијо! Ћоја амо, ћоја!

ћоја̀кати, -а̄м несвр. тјерати говеда
узвикујући: “ћоја!“. — Немој иг само ћоја-
кати, но узми прут, па иг ошини.

в. заћојакати, наћојакати, проћојака-
ти, ћојокати.

ћо̀ја̄мо узв. говеду да се врати. — Ћо-
јамо, соколе мој, ћоја!

ћојо̀кати, -а̄м несвр. в. ћојакати.

ћо̏к, ћо̏ка м род, поријекло, сродство,
лоза. — Платићеш ми нако те не уватим,
ћок ти материн. Удари ме по руци, ћок му
његов.

ћо̑кнути се, ћо̑кне̄м се свр. опоравити
се, кренути набоље. — Паде киша у прави
час, па се жита ћокнуше. Бијаше дијете
слабуњаво и оскоро се ћокнуло.

в. ћонути се.

ћо́нути се, ћо̑нем се свр. в. ћокнути
се.

ћо̏пӣти, -ӣм свр. 1. ударити, ошину-
ти, ошамарити. — Ако те једном ћопим,
пантићеш ме док сам жива.
