ту́љак, -љка м угао, ћошник, окрајак. 
— Види бона у том туљку да ми нијесу ђе
опанци. Набацали у туљак сто накијег ри-
та.

тума̀цнути, ту̀мацне̄м свр. умаћи, за-
макнути, ући (негдје, преко). — Нешто ту-
мацну у шуму. Ено ти јањад тумацнуше
про Превије.

тумѐзгати, -а̄м несвр. тући, ударати. 
— Не тумезгај овце љемезом, белају један!

ту̏мол, -а, -о в. тмол.

ту̑н прил. ту. — Ено тун је шмигнула
вљеверица.

в. тунек.

ту́нек прил. в. тун.

ту̏њка̄в, -а, -о који је спор у раду. —
Туњкав је да се то не море описати.

ту̏њка̄ти, -а̄м несвр. 1. радити споро.
— Млого, брате, туњкаш кад радиш.

2. муцати, говорити на нос. — Има
наку ману, па туњка кат прича.

ту̏па оном. узв. за ударање (по неко-
ме, нечему). — Она по њему: тупа, тупа, а
он ни да писне!

ту̀пе̄ћ, тупе́ћа, -е 1. који је стидљив,
срамежљив. — Припази ми ово дијете, ту-
пеће је.

2. приглуп, туп, ограничен. — Не разу-
мај му се, он је тупећ ко му и отац.

ту́рати, ту̑ра̄м несвр. I бацати, изба-
цивати (при трпању сијена, жита и сл. ).
— Ти гази сијено а ја ћу турати. Добро ли
тура љиљке, ваљетна руко божија.

II ~ се 1. бацати се камена с рамена.
— У свој вакат Микајло је туро камена с
рамена ко иједан.

2. мијешати се у туђе послове. — Не-
ћу се ја турати у њијове ствари. Немој да
тураш нос у свашта.

турбо̀меља ж суви вјетар. — Вала ни-
шта нема горе за ус́еве но кад окрене тур-
бомоља.

туркѐсати, -а̄м несвр. галамити, вика-
ти (на некога). — Не умије он што неће
туркесати.

ту̀ркуља ж врста пушке (турске про-
изводње). — Заметно про рамена тур-куљу
и ко ти је, он ти је.

ту̏та̄ти, -а̄м несвр. ићи тамо-амо, би-
ти у сталном покрету (о потрчцима). —
По читав боговетни дан тута по колиби.

ту̀тук м в. татук.

ту̀тукнӯти, -не̄м свр. подстакнути,
навести; напујдати. — Тутукнуше луду
работу, па поче да напада људе. Воли он
да тутукне пашче.

туту̀миша ж игра везаних очију, ћоро-
миша. — Оћемо ли да се играмо тутуми-
ше? Мани се тутумише и ћорава посла.

в. ћоромиша.

ту̀тумра̄к м мрак кроз који се скоро
ништа не назире. — Не види се прс пред
носом кроз ови тутумрак.

ту̀тучӣти, -ӣм несвр. пити (воду, ра-
кију и сл.). — На овој живој ватри тутучи
воду по ваздуги дан.

ту̀туче̄ње с гл. им. од тутучити. —
Његово тутучење досадило је и Богу и на-
роду.

ту̏тӯш м назив за особу глупу, припро-
сту. — Е какав је они тутуш, вода му се
свезала! Жена му је велики тутуш.

ту̑ћи, ту́чем несвр. фиг. јести. — Ту-
кли су јечменицу док им нијесу нарасле
зазубице. Сву драгу зиму тукли смо сува
љеба и сира.

ту̏ц-му̏ц узв. којим се показује замуц-
кивање или се покушава скрити незнање,
какво скривање и сл. — Не море он ни да
прича ко други, но све нешто туц-муц.
Кад га пита учитељ он би поткомољијо
главу и све нешто туц-муц натуцо.

ту̏чан, -чна, -чно који је кршевит, не-
проходан. — Ово је тучан крај, у њему ни-
је лако живљети.

в. тучњикав.

ту̀чњика̄в, -а, -о в. тучан. — Тучњика-
ве ливаде забога.

ту̀шица ж 1. вуна од заклане овце (кад
се кожа од заклане овце потпари, вуна се
очупа или обрије). — Да очупам ово мало
тушице, море дати руку.
