крѐзубиле, -а, м. — који је шкрбав, поло-
мљених зуба. — Чему се ти смијеш, крезу-
биле?

кремѐшта̄к, -а́ка, м. — кремен, камен из
којег се укресује ватра.

кре̏пак, -ка, -о — чио, држећ, покретан.
— Још је они старац крепак.

крѐпа̄ћ, -а́ћа, м. — животиња која је го-
това да крепа, која је болесна, слаба,
неухрањена. — Нема ми од брава ништа без
крепаћа.

кре́са,-е̄, ж. — шибица, упаљач. 

кре̏сати, -ше̄м — 1. сасијецати гране. —
Крешем гране са смрче.

2. палити шибицу. — Не креши шибицу,
упалићеш нешто.

3. месо сјећи. — Ко ће кресати месо за
вечеру.

кресѝвача, -е̄, ж. — футрола у којој се
носи кресиво.

кре̏сиво, -а, с. — огњило, камен и труд.
— Помоћу кресива се производи ватра.

кре̏сна, -е̄, ж. — зла жена. — У, оне кре-
сне, кака је.

кре̏снути се, -е̄м се — поскочити, пои-
грати, брзо отићи. — Кресни се мало, шта
си се укрутио.

кре́штелица, -е̄, ж. — птица која крешти
кад пушта глас. — Поједоше крештелице
жито.

кр̀змати, -а̄м — сумњати. — На њега крз-
мам да ми је подвалио.

кри̏ва, -е̄, ж. — псећа болест. — Неће пас
да лоче, а нешто и не лаје, бон је од криве.

крѝва̄к, -а́ка, м. — 1. пушка. — Сакри они
кривак да ти га џандари не нађу.

2. криво дрво, квалитетно за ватру. —
Дајте тије кривака да наложжмо.

кри́вати, кри̑ва̄м — храмати. — Ишо бик
ја брже но кривам на једну ногу.

кри́вац, -вца, м. — вјетар који дува
испред ноћи.

крѝвача, -е̄, ж. — столица полуокруглог
9 2

наслона, столовач.
кри́вити се, кри̑вӣм се — плакати, ври-
штати. – Криви се оно дијете, гладно је.
криво̀главиле, -а, м. — који држи главу
накриво. — Зовни овог кривоглавила да до-

ђе.
криво̀кле̄тнӣк, -а, м. — онај који се криво 
куне.
криво̀усна, -е̄, ж. — жена кривих уста. 
криво̀уснил, -а, м. — човјек кривих уста. 
криво̀шија, -е̄, м. и ж. — човјек кривог

врата, кривоглав, криве шије.

кри̏жала, -а̄ла̄, с. мн. — дио, парче. — Ску-
вајте за вечеру крижала од кумпијера.

кри́лоња, -е̄, м. — име вола који има
бијеле шаре по трбуху.

кр̏к— ономатопејски узвик за ударац.
— И он њега каменом, крк у главу.

крка̀нлук, -а, м. — изобилно једење и
пијење.

кр́кати, кр̑ка̄м — халапљиво јести, јести
много, јести брзо.

кр̀каче̄, прил. — на леђима. — Донеси ди-
јете кркаче.

кр̏ке̄, — прил. у изразу: крке ми нијесам,
а ко да му вјерује, стварно, заиста.

кр̀кљати, -а̄м — крчати. — Кркљују ми
цријева, гладан сам.

кр̏кна, -е̄, ж. — снажна, развијена жена.
— Колика је она кркна, снажна ли је!

кр̏кнути, -е̄м— проговорити. — Не смије
од ње кркнути.

кр̏ла̄ч, прил. — кант, наокос. — Сложио
сам даску на крлач да се не искривљује.

кр̏ља, -е̄, ж. — 1. клада на којој се сијеку
дрва.

2. поријекло. — Ми смо од једне крље,
истог претка.

кр́мак, кр́мка, м. — прасац, нераст. 

кр̀ма̄ћ, -а́ћа, м. — погрдан назив за малог,
подебела човјека.

кр̀мача, -е̄, ж. – прасица.

кр̏ме, -ета, с. — свињче, прасе. 

крмѐљив, -а, -о — који је са крмељинама
око очију.

кр̀метина, -е̄, ж. — свињетина. 

кр̀мећа̄к, -а̄ка, м. — 1. опанак од крмеће
(свињске) коже.

2. ситни кромпири, остављени свињама
да једу.

кр̀мећӣ, -а̄, -е̄ — свињски (нпр. бут или сл.). 

кр́мити, кр̑мӣм — инатити се. — Крми
се он често, тврдоглав је.

крмлијѐкати, -кр̀млијека̄м — тихо пла-
кати, помало глас давати.

кр̏мскӣ, -а̄,-о̄— крмећи, подругљив епи-
тет за хришћане. — Ћути, крмски сине!

кр̀нтија, -е̄, ж. – нешто што је старо,
дотрајало. — Нема од овог раоника ништа
без крнтије.

кр̏нӯти, -е̄м — 1. ударити, лупнути. — 
Крни га песницом.

2. грубо ставити, — Крни му то скорупа
на љеб.

кр̑њ, кр́ња, -е — који је без рога. — Овај
