се неђе велики колеж.
колѐтати, -а̄м — ићи у цик-цак. – Иди
право, шта колеташ, ко да си пијан.
ко̀либа, -е̄, ж. — просто направљена ку-
ћица, покривена сламом, лубом, даском.
ко̀лијер, -ѐра, м. — крагна. — Сашила сам
сину кошуљу са колијером.

колѝпчина, -е̄, ж. — стара дотрајала ко-
либа.
колѝпштина, -е̄, ж. — мјесто гдје је нека-

да била колиба. — Нека ти говеди око ко-
липштине.

ко̏ло, -а, с. — 1. круг људи похватаних
за руке који играју народно коло, уз инстру-
мент, или без њега.

2. воденичко коло.

3. у клетви „небеско коло“. — Небеско
га коло убило.

ко̏ловоз, -а, м. — пут којим кола про-
лазе, којим се дрва вуку.

ко̏ловра̄т, -а, м. — вир, ковитлац, врт-
лог. — Не гази Тару на коловрату, однијеће
те вода.

ко̏лома̄т, -а, м. — опута којом се коло-
мате кожни опанци. — Слаба је ова опута
за коломата.

колома́тити, -о̀ма̄тӣм — 1. около ићи. — 
Иди право, немој коломатити.

2. обрубљивати опанак и опутом га оп-
шивати.

ко́лоња, -е̄, м. — во, коласт по раменима
и леђима, са шарама у виду колута.

ко̏ље̄на̄, прил. — клечећи на једно или
оба кољена. — Тебе могу обалити кољена
малије, или кољена великије.

кољѐна̄ш, -а́ша, м. — снијег до кољена.
— Ударио ноћас кољенаш.

ко̀љено, -а, с. — покољење, поријекло. — 
Од којег сте ви кољена? 

ко̀љеновић, -а, м. — добра поријекла, из
добре куће, добра рода, „оџаковић“.

ко̏љиво, -а, с. — месо припремљено за зи-
мницу. — Шта сте спремили од кољива за зи-
мницу?

комендѝја̄ш, -а́ша, м. — комедијаш, ша-
љивчина.

комѝтара, -е̄, ж. — жена која је бјежала
од куће, од мужа.

комѝша̄ти, -а̄м — чистити кукурузни
клип од шаше.

комѝшина, -е̄, ж. — комушина, лист са
кукуруза.

ко̏мора, -е̄, ж. — дјевојачка спрема. —
Сватови комору прегоне на посебном коњу.

Наша снаша је велику комору донијела.

комо̀рџија, -е̄, м. — 1. онај који у свато-
вима иде уз дјевојачку комору.

2. војник који се налази у позадинској
јединици (комори).

ко̀мрачӣти, -ӣм — штедјети на храни.
— Не комрачи, поједи нешто.

кона̀гџија, -е̄, м. — гост на преноћишту,
на конаку.

ко̀нак, -а, м. — 1. преноћиште. — Ђе ћемо
на конак?

2. количина дрва припремљена за једну
ноћ. — Спремите конак дрва, нек има.

ко̀начити, -ӣм — преноћити. — Вође ће-
мо коначити.

ко̀нтати, -а̄м — рачунати. — Нешто кон-
там, добро ће жито родити.

ко̑нче̄ње, -а, с. — обиљежавање офарба-
ним канапом. — Кончили смо брвно кудије
ћемо тесати.

конџо̀лос, -а, м. — дијете које није мирно.
— Смири се, конџолосе!

ко̀њина, -е̄, ж. — 1. стари крупан коњ. —
Догоним дрва на ову коњину.

2. груб човјек (особито у псовци). —
Ћути, коњино!

копѝлара, -е̄, ж. — дјевојка која је ванбра-
чно рађала.

ко̏пиле, -ета, с. — ванбрачно дијете. —
Ћути, копиле једно!

копѝлица, -е̄, ж. — овца која се јагњи у
првој години.

копѝља̄к, -а́ка, м. — ванбрачно мушко
дијете, копиљан.

копѝљан, -а, м. — онај који је ванбрачно
рођен, копиљак.

ко̀пњети, -нӣм — нестајати, мршавити.
— Они чоек стално копни. Снијег сваки дан
копни.

копо̀ран, -а, м. — прслук, џамадан. 

ко̀пӯк, -у́ка, м. — лукавац, превртљивко,
подмукао човјек. — Велики је то копук, не
треба му све вјеровати. 

ко̏ра, -е̄, ж. — 1. омотач дрвета.

2. дио хљеба.

ко̀ра̄ћ, -а́ћа, м. — мали чекић од око 500
гр, обично се њим коњи поткивају. — Не-
мам кораћа да поткујем коња.

ко̀рба̄ч, -а́ча, м. — бич исплетен од ко-
жних каишева.

ко̀рдӯн, -у́на, м. — турски пограничар. 

ко̏рет, -а, м. — 1. дио женске ношње.

2. црна трака коју носи ожалошћени. 

ко̀ретан, -тна, -о — ожалошћен. — Он је
