коретан, не пјева.

ко̏ретовати, -ује̄м – жалити, носити ко-
рет, носити црну одјећу.

ко̀рити, ко̏рӣм — пребацивати, крити-
ковати, приговарати. — Немој га стално
тим корити.

ко́ров, -а, м. — 1. велика полегла трава.
— Не могу ови коров покосити.

2. некорисно биље, травуљина.

3. остатак. — Нема од вола ни корова,

појели су га вуци.

кору̀бина, -е̄, ж. — љуска од јаја, ораха
или љешника.

ко̏сан, ко̀сна, ко̀сно — љут, пргав, лако
свадљив.

ко̏сица, -е̄, ж. — тврдо жилаво месо,
религиозни га једу преко главе да им коса
расте.

ко̏сӣште, -а, с. — дршка (држалица) на
коју се насађује коса.

ко̏снути, -е̄м — узнемирити, наљутити. 
— Коснула га је та ријеч, па се узнемирио и
наљутио.

ко̑с, ко̀сти, у фрази: у кости се ухватили.
Двојица младића обгрле се рукама и рвају
се ко ће да обори. Ту вјештина слабо помаже,
само снага. — Уватите се у кости, лијепо
заузмите рукама и онда омаујте.

ко̏стре̄т, -и, ж. — козја длака. — Најбољи 
су конопци или везе ако је у њих помијешана
кострет.

ко̏т, -а, м. — скот, покварењак. — Ћути,
коте један!

кота̀рӣште, -а, с. — мјесто гдје је био
котар. — Морам у котариште посијати расад
за купус.

ко̏тланица, -е̄, ж. — мотка на којој се
наврази котао на ватру.

ко̏тлина, -е̄, ж. — 1. удубљење у снијегу
из којег се вади сијено.

2. стари котао.

ко̑тула, -е̄, ж. — женска сукња, раша. 

коту̀ља̄ч, -а́ча, м. — круг направљен од
крпе или сламе, потура се под котао кад се
мијеша качамак, или га жене стављају на
главу кад носе терет. — Носим косачима
питу на ливаду, па морам под тепсију потури-
ти котуљач.

ко́чење, -а, с. — искошавање, ребрење
волова кад хоће да се побију. — Коче се они
волови, сад ће да се побију.

ко̏че̄т, -и, ж. — козја длака, кострет. 

ко̏џобаша, -е̄, м. — кмет, сеоски кнез,
првак.

ко̏ш, -а, м. — 1. спремиште за жито. —
Пуни су нам кошеви жита ове јесени.

2. воденички кош. — Засуо сам пун кош
жита да семеље.

ко̏ше̄ње, -а, с. — косидба. — Слаб си ра-
дник у кошењу, бољи си у орању.

ко̏шчина, -е̄, ж. — велика кост. — Шта
ћете са толиким кошчинама?

ко̏шчица, -е̄, ж. — дугме за кошуљу. – 
Откинула ми се кошчица са рукава на кошу-
љу.

кравѐтина, -е̄, ж. — грубљи назив за кра-
ву. — Морам ону краветину смаћи, стара је.

кра́вити, кра̑вӣм — загријавањем то-

  пити бијели мрс. — Не могу више сир кра-

вити, брзо се троши.

кра̀вљача, -е̄, ж. — мали кабао у који се
музе, има једну ручку са стране.

кра̑дом, прил. — кришом, полако, тихо.
— Приђи му крадом да те не ос́ети.

кра̏јеви, -е̄ва̄, м. мн. — парчад. — Нађи
какије крајева, те превежи па донеси мало
дрва.

кра̀кат, -а, -о — који је дугих ногу. 

кра́кати, кра̑че̄м — корачати. 

кра́љевац, -е̄вца, м. — ливадски трн,
чобани га чисте и једу.

Кра́соња, -е̄, м. — име волу. 

красо̀та, -е̄, ж. — љепота. — Боже, кака
је то красота, диван чоек.

Кра̀суља, -е̄, ж. — име краве. — Красуља
се отелила.

кр̀буља, -е̄, ж. — мала корпа од смрчеве
коре. — Набро сам пуну крбуљу боровница. 

кр̏вити се, -ӣм се — бити се, свађати се.
— Они се вјечито крве.

кр̀внӣк, -и́ка, м. — убица. — Он је наш 
крвник, убио је чоека из нашег племена.

кр̀вница, -е̄, ж. — 1. пушка којом је човјек
убијен.

2. крвникова жена, или жена која је неко-
ме неко зло нанијела.

крво̀лочан, -чна, -о — који је љут, који
мучи људе.

крво̀пија, -е̄, м. — онај што убија људе. 

кр̀диса̄ти, -ше̄м — уништити. — Стока
ће сијено крдисати. Вуци ће овце крдисати.

кр́дӣти, -кр̑дӣм — стицати, умножава-
ти стоку. — Ови планинци крде велику
стоку.

кр̑до, -а, с. — стадо, буљук. — Чије је оно
крдо оваца те јави?

кре̑в, -а, м. — мотка, кијак. — Удри кре-
вом говеда нека иду.
