2. и м крадљивац, крадљивица. — И̏ма̄ ту̑ по
сѐлу на́кије̄ бра̏шња̄ра̄.

бра̀шњача ж (ген. мн. бра̏шња̄ча̄, дат. бра̀шња-
ча̄ма) в. брашњењача.

бра̀шњенӣк м оно што се од хране спреми некоме

за пут. — Ста̏ви му о̀но̄ ку̏ва̄но ја̀гњеће̄ плѐће за
бра̀шњенӣк. — Бра̀шњенӣк ти је у̀ то̄рби.
Изр. спре́мати бра̀шњенӣк ипрепору-

чивати. — Ја̑ ти нѐ спре̄ма̄м бра̀шњенӣк да се
но̏сӣш ш њи̑м.

брашњѐњача ж (ген. мн. брашњѐња̄ча̄, дат. браш-
њѐњача̄ма) торба у којој се носи брашњеник (в).

бра́шњо, -а м (вок. бра̑шњо и ир. бра́шњо) 1. а.
брашњав човек; воденичар, млинар. — Ѝди, ѝди,
са̀мљеће ти то̑ жи̏то о̀нӣ на̏ш бра́шњо. б. прљав,
неуредан човек.

2. фиг. неотресит човек, јадник, онај који је не-

способан за иоле крупнији подухват. — Нѝје мо̑ј си̑н
ку̏кавица, ни бра́шњо.
3. в. брашњавац. — Ви̏ди ка̀кав је о̀вӣ бра́шњо!

бра́шњоња м и ж (дат. мн. бра́шоња̄ма) в. браш-
њо.

бра̀ш́ан ) м хип.

бра̀ш́ӣћ, -и́ћа (вок. бр̏аш́ӣћу) | брат. —
бра̏ш́ко, -а ( О̏ди; бра-
бра́ш́o, -а (вок. бра̑ш́о и бра́ш́о) ш́о, да ти
браш́у́нак, -нка (ген. мн. бра̀ш́ӯна̄ка̄) ) у̏спе̄м да

се у̏мијеш. — Нијѐсам јо̏ш ви́ђела бра̀ш́ана. —
До̀нијо ӣм бра̏ш́ко, бȍгами, свѐга̄ј.

бр̏ба̄ње с гл. им. од брбати (се). — Не̑ма̄ бр̏ба̄ња
да зна̑ш!

бр̏ба̄ти, -а̄м несвр. I. 1. дирати. — Нѐ брба̄ј то,

ди̏јете.

2. а. узимати, присвајати. — Нѐмо̄јте бр̏ба̄ти
о̀но̄ мо̀е. б. красти. — Во̀ле̄ о̀ни да бр̏бајӯ ту́ђе. —
Нѐ брбајӯ ни̏шта ко̑ да е све́то.

II. ~ се уз. повр. дирати се, задевати се. — Што̏
сте се бр̏ба̄ли?

бр̏бпка̄ње с гл. им. од брбпкати (се).

бр̏бпка̄ти (се), -а̄м (се) в. брпкаши (I,II).

бр́бља ж (вок. бр̑бљо) брбљивица, брбљуша. —
Бр́бљу тр́пљети не мо̀гу па бо̑г. — Ко̏ е ре̏ко̄ псу̏ да
ла̀е и бр́бљама да бр̀бљају, пи̑та̄ј бо̏га.

бр̀бљача ж (ген. мн. бр̏бља̄ча̄, дат. бр̀бљача̄ма)
она која свашта прича, брбља, алапача, брбљивица.

бр̀бљӣвчина м и ж (дат. мн. бр̀бљӣвчина̄ма) особа
која много брбља.

бр̀бљӣвко, -а м брбљивац.

бр́бљо, -а м (вок. бр̑бљо) брбљивац.

брбљо̀вчина м и ж (дат. мн. брбљо̀вчина̄ма)
брбљивац. — Нѐ вљеруем ја̑ ни̏шта о̀но̄ј брбљо̀вчини.

бр̀бљуша ж (ген. мн. бр̏бљӯша̄, дат. бр̀бљуша̄ма)
она која много прича, брбља, исп. бргљача.

бр̏бна ж (ген. мн. бр̑бна̄, дат. бр̏бна̄ма) в. брбљача.

бр̏бнӯти, -не̄м свр. 1. а. дирнути, додирнути,
дотаћи. — Нијѐсам га бр̏бнуо. б. ударити. — Нѐ
смијӯ те бр̏бнӯти. — Нѐ смијеш га, ма̑јчӣн си̑не,
бр̏бнӯти. — Ако га ди̏рнеш, ва̏ш [= вас] ћу ти но̑с
расцо́пати. — О̀во̄ су мо̀ја ђѐца, нѐ смијеш ӣг
бр̏бнӯти.

2. а. узети, присвојити. — Нѐ смијӯ ни̏шта 6р̏б-
нӯти. б. украсти. — Јѐсу ли што̑ бр̏бнӯли? — Нѐ
смијеш у мо̀е бр̏бнӯти. — Нек по̀куша̄ да ко̑ бр̏бне̄
у мо̀е.

3. погрешити,

4. а. уснама произвести неартикулисани глас
„бр“. б. изрећи се, изланути се.
бр̀бњеш -ѐша м (вок. бр̏бњешу) в. брбљо.

брбу́љак, -љка (ген. мн. бр̀бӯља̄ка̄) и брбу̀ља̄к,

· -а́ка м омањи округласт камен. — Гађала не брбу́љ-

цима. — Шчѐпали брбу́љке па за о̀нијем пси̏ма све̏
у̏ тр̄к.

бр̀буља̄с, -а̄ста, -а̄сто округласт. — Гла́ва му е
бр̀буља̄ста.

брбу́скалица ж (дат. брбу́скалица̄ма) она која
много којешта прича, причалица. — Далѐко јој ку̏ћа,
о̀но̄ј брбу́скалици.

брбу́скало м и с онај који много и којешта прича.

брбу́ска̄ње с гл. им. од брбускати.

брбу́скати, бр̀бӯска̄м (бр̀бӯскајӯ) несвр. 1. чинити
уснама „бр“. — Ђѐца во̀ле̄ да бр̀бӯскајӯ.

2. погрд. причати којешта, блебетати, баљез-
гати. — Ш́е̏ди, бо̏гати, не бр̀бӯска̄ј.

брбу́скача ж (дат. мн. брбу́скача̄ма) она која
мното и свашта прича.

бр̀внара ж (ген. мн. бр̏вна̄ра̄, дат. бр̀внара̄ма)
кућа, рада начињена од брвана.

бр́вно с (мн. бр́вна и бр̑вна, ген. бр̑ва̄на̄ и бр́вна̄).
1. велико четвртасто дрво које се полаже по гор-
њој површини зидова при грађењу куће, појате и сл.

2. фиг. нешто (откос, облак и сл.) што личи на
брвно. — Испо̀т појате̄ све̏ са̑ма̄ бр̑вна.

бр̀вњача ж (ген. мн. бр̏вња̄ча̄, дат. бр̀вњача̄ма)
в. брвнара. — Ку̏ћа му е бр̀вњача.

бр̀гља̄ње с гл. им. од бргљати.

бр̀гљати, -а̄м (т. ископати) несвр. 1. не изго-
варати чисто речи при говору. — Ра̀дисав бр̀бга̄ кад
збо̏рӣ.

2. причати којешта, брбљати.

бр̀гљача ж (ген. мн. бр̏гља̄ча̄, дат. бр̀гљача̄ма)
она која много прича, торокуша. — Не̑ма̄ на̀кб бр̀г-
љаче̄ надалѐко, да̑н-но̑ј не пре̏стае да при̑ча.

бр̀гљеш, -ѐша м (вок. бр̏гљешу) в. бргљо.

бр̀гљив, -а, -о који бргља, који много и брзо прича.
— Бр̀гљиво му о̀но̄ дијѐте.

бр́гљо, -а (вок. бр̑гљо) онај који бргља, онај који
много и брзо прича, брбљивац. — Напри́чо̄ ни је о̀нӣ
бр́гљо ту̏ште и тма̏ не̏чега.

бргљуша (ген. мн. бр̏гљӯша̄, дат. -а̄ма  ж в.

бр̏гна (ген. мн. бр̑гна̄, дат. бр̏гна̄ма бргљача.

бр̀гњеш, -ѐша м (вок. бр̏бњешу) в. бргљо.

брд неартикулисани узв. (глас пролази кроз
затворене усне које се тресу) в. шин.

Бр̏да, Бр̑да̄ с мн. в. Бљелопавићи.

брда̀нце, -а м -ета с дем. од брдо, брдашце. —
Прѐд нама јѐдно брда̀нце.

Брда̀њол м место на коме се одиграла велика
битка између Црногораца и Турака. — По̀гинуо на
Брда̀њол.

брделе́кнути, -ѐле̄кне̄м (т. опалити) свр. 1. пасти,
треснути.

2. полетети наниже, обурвати се.

брдѐлица ж (дат. мн. брдѐлица̄ма) в. побрдњача.

брдѐница ж (дат. мн. брдѐница̄ма) дрвеница. —
На̏ши сама́ри ѝмајӯ по три̑ брдѐнице са стра́не̄.

брдѐњача ж (дат. мн. брдѐњача̄ма) дугачка обла
мотка која се задева у вратило да га држи да се не
окреће.

бр̏дило с део разбоја. — Не̑ма̄ јо̏ш мло̏го на̀ бр-
дилу.
