Бр̏до с име више места.

_ _ бр̏до с (ген. мн. бр̑да) део разбоја, вратило. —
У̀ натри ѝма̄ чѐтири бр̏да.

Изр. гле̏да̄ прȅко брда понео се, осилио
се, презире друге и у̏ брдо и у̏ нити 1) у свакој
прилици; у свему. 2) врло је сналажљив. нѝје бр̏до
није тешко. сави́јати бр̏да и до́лине бити
врло моћан, рушити све препреке, располагати огром-
ном снагом и еланом, снажно савлађивати све тешкоће.
то̑ е преба́цијо пре̏ко де̏ве̄т бр̑да то
је сасвим заборавио, то му није ни на крај памети.

бр̏доножице̄ прил. главачке, наглавачке, наглав-
це, право наниже, право доле. — Одлѐтијо ко̏њ бр̏до-
ножице̄.

брду́љак, -љка м (ген. мн. бр̀дӯља̄ка̄) дем. од
брдо. — Љу̑ди се би̏ја̄гу о̀купӣли на јѐдно̄м брду́љку.

Бр̏ђанин м (мн. Бр̏ђа̄ни) в. Бљелопавлић. — Ако
ти не̏ко о̀д Брђа̄на̄ на̑ђе̄ о̑вце у Бр̀цко̄ј, на̑ћи ћете
гр̑днӣ ја̏ди. — Ма̏ло про̏небӣ, сто ти Бр̏ђанина. —
Нѐ да̄јмо да не Бр̏ђа̄ни а̏рајӯ.

бр̏ђанин м (мн. бр̏ђа̄ни) планинац.

Бр̏ђа̄нка ж (дат. Бр̏ђа̄нци, вок. Бр̏ђа̄нка; ген. мн.
Бр̏ђа̄на̄ка̄, дат. Бр̏ђа̄нка̄ма) становница Бјелопавлића;
она која је пореклом из Бјелопавлића.

бр̏ђа̄нка ж (дат. бр̏ђа̄нци; ген. мн. бр̏ђа̄на̄ка̄, дат.
бр̏ђа̄нка̄ма) планинкиња.

бр̏ђанскӣ, -а̄, -о̄ в. брцки: бр̏ђанске̄ о̑вце.

бр́ђо, -а (вок. бр̑ђо и бр́ђо) м пас.

бр̀ђо̄в, -о́ва (вок. бр̏ђове)

бре̑ и бре̏ узв. 1. у истицању, љутњи и сл.: ама,
море.

2. за терање коња.

Изр. ни ду̑р ни бре̑ в. дур (изр.)

брега́да ж (франц. brigade) бригада.

брега̀дӣр, -и́ра (вок. бре̏гадӣре) | м бригадир.

брега̀дијер, -ѐра (вок. бре̏гадијеру)

Брѐга̄лница ж река у СР Македонији. — Ра̏нијо се
на Брѐга̄лницу.

брѐжина (ген. мн. бре̏жӣна̄, дат. брѐжина̄ма) ж

брежѝнчина (дат. мн. брежѝнчина̄ма) аугм.
и пеј. од брег. — Не мо̀гу нѝ сла̄нко̄ о̀бити по о̀ви-
јем брежѝнчина̄ма. — Оста ми жѝвот међу о̀вијем
брѐжина̄ма. — Е̏во да̑н-но̑ћ ту́чем по о̀вијем брежѝн-
чина̄ма.

брѐжӣћ, -и́ћа м дем. од брег.
брежи́ћак, -ћка (ген. мн. брѐжӣћа̄ка̄) 
Вишѐ куће̄ му е јѐдан брѐжӣћ.

бре̏за ж (ген. мн. бре̑за̄, дат. бре̏за̄ма) метла од
младог брезовог или од било којег прућа за збрисавање
овршеног жита на гумну. — Ѝди у Гра́дац и усијѐци
пру̑ће за̀ брезу. — Истро̀шила ми се о̀ва̄ бре̏за, мо̑-
ра̄м пра̏вӣти дру̏гӯ.

бре̏ка ж натресање, вика с претњом. — Не бо̀ӣм
се ја̑ те̑ тво̀е̄ бре̏ке̄. — Не мо̀гу ви̏ше̄ да тр́пӣм тво̀ју
бре̏ку. — Бо̏ља̄ е до̀бра, па̏ме̄тна ри̏јеч не̏го бре̏ка.

бре̏кнӯти, -не̄м свр. 1. набусито викнути, на-
трести се на некога, припретити некоме вичући,

строго некоме нешто рећи. — Бре̏кни ти̑ њѐму, па ће
он по̀двӯћи ре̑п. — Ћу́ти, тра̏њо јѐдна! бре̏кнӯ Но̏-
вица.

2. снажно ударити, лупити. — Бре̏кнӯло у́ те! —
Нѐмо̄ да те бре̏кне̄м!

3. пасти, срушити се. — Бре̏кнуо о̏ ледину.

бре̏ко̄ван, -вна, -вно в. мекован: ~ бра̏шно, ~
~ жи̏то.

Брȅково с место.

бре̏кота м и ж (дат. мн. бре̏кота̄ма) особа која
воли да виче на некога, галамџија.

брѐкта̄ње с гл. им. од бректати.

брѐктати, бре̏кће̄м несвр. 1. брзо удисати и из-
дисати, тешко дисати, дахтати, стењати. — Бре̏к-
ћӯ о̑вце у̀ пла̄ндӣшту. — Бре̏кће̄ во̑ у ја́рму.

2. в. бречати.

3. снажно ударати, куцати. — Бре̏кће ср̏це.

бре́љак, -љка м (ген. мн. бре̑ља̄ка̄) 8. бренце.

бре́ља̄ње с гл. им. од брељати. — Бре́ља̄ње ти је
ду́ша.

бре́љати, бре̑ља̄м (бре̑љајӯ) несвр. мусти доста
млека, обилато, богато мусти; исп. џорати. — Ни̏ш-
та јој мѝлије̄ но̑ да бре̑ља̄. — О̀во̄г ље̏та су бре́љале
све̏ пла̀нӣнке на Сѝња̄вини. Би́ла о̀длична па̏ша.

бре́љац, -љца м (ген. мн. брѐља̄ца̄) 1. «. бренце.

2. суд за мужу, кабао.

бре̏ме, -ена с (мн. бремѐна, ген. бреме́на, дат.
бремѐнима) 1. увезано сено (слама и сл.) које се, ме-
ћући га себи на леђа, може да понесе.

2. трудноћа, нарастао стомак од трудноће. —

Бѝје̄ се жѐна з [= сј бре̏меном. — Ро̀дила сан га у̀
друго̄м бре̏мену.
  3. (у прил. служби) много. — До̏нијо бре̏ме на́-

кије̄г др̏калӣца̄.

  Изр. би̏ти се з бре̏меном порађати се.
— Е̏но е, бѝје̄ се з бре̏меном. у̀ велико̄ си се
бре̏ме у̀пртијо прихватио си се великог, теш-
ког посла. што̏ се пр̏тӣш у̀ бреме ко̀е̄ по̀-
нијети нѐ можеш што се прихваташ посла
који ниси у стању да обавиш.

бре̏меница ж (дат. мн. бре̏меница̄ма) повећи др-
вени суд пљоснато-овалног облика у коме се, носећи га
на леђима, доноси вода с извора. — Узми бре̏меницу и
донѐси во̀де̄.

бремѐнце, -ета с дем. од бреме.

бремѐнчић м

бремѐњача ж (дат. мн. бремѐњача̄ма) в. бреме-
ница.

брему́љак, -љка м (ген. мн. бр̀ѐмӯља̄ка̄) 8. бре-
менце.
  брѐмнчић м (ген. мн. бре̏мнчӣћа̄) в. бременце. —
У̀ томе бремнчићу не̑ма̄ ви̏ше̏ од чѐтре̄с ки̑ла̄ си̏јена.

бре̏н, брѐна м (исп. нем. brennen, палити, горети)
једнокрака или двокрака направа од танке гвоздене
шипке за увијање косе. — О̏ћеш ли ми поза́јмити
тво̑ј бре̏н? Ста̏ве̄ бре̏н у̀ ватру па̑ кад се у̏грије,
бре̏нујӯ ко̀су.

бре̏нова̄н, -а, -о уређен, дотеран бреном, коврџав,
таласаст. — Ко̏со мо̀ја бре̏нова̄на̄!

бре̏нова̄ње с гл. им. од бреновати (се).

бре̏нова̄ти, -уем несвр. I. 1. увијати, дотеривати
косу бреном. — А. Ђе̏ су ђѐво̄јке? Б. Е̏но ӣг, бре̏нујӯ
јѐдна дру̏гӯ.

2. фиг. уважавати, ценити, марити за некога;
исп. зарезивати. — Нијѐсу ме ба̏ш ни̏шта бре̏нова̄-
ли. — Шта мо̀гу кад ме нѐ бренуе! — Нѝје бре̏но-
ва̄ла ни̏ко̄га.

II. ~ се 1. увијати себи косу бреном. — Ур̏ош се
јУ̏тро̄с о́ђе бре̏ново̄.

  2. уз. повр. увијати један другоме косу бреном.
— О̏ћемо да се бре̏нуемо.

бре̑нца̄д ж (ген. мн. бре̑нца̄дӣ, дат. бре̑нца̄дима)

зб. им. од бренце.

бр̀енца̄ње с гл. им. од бренцати.
брѐнцати, -ам (т. ископати) несвр. 1. звонити, —
Бре́њце брѐнца̄.
