· бра̀нилац -иʲоца м (ген. мн. бра̀нила̄ца̄ и бра̀-

ниʲо̄ца̄) 1. онај који штити кућу, породицу, имање.

2. онај који се бори за слободу своје земље, борац.

Бра̀нимӣр м 1. име.

2. надимак.

Бра̀нимӣро̄в, -ова, -ово који припада Бранимиру.

Бра́нӣн -ина, -ино који припада Брани.

бра̀ниʲоц м в. бранилац.

Бра̀нислав м име.

бра̀нислав м в. бранилац.

Бра̀нислава ж (вок. Бра̀нислава) име.

Бра̀ниславӣн, -ина, -ино који припада Бранислави.

Бра̀ниславље̄в, -ева, -ево који припада Браниславу.

Бра̀ниславо̄в, -ова, -ово

бра́нити, бра̑нӣм (т. штунути) несвр. не дати
стоци да улази у какав забран (некошену ливаду,
отаву, жито и сл.); исп. брањевина, браник (1).

Бра̑нка ж (дат. Бра̑нци) име.

Бра̑нко -а 1. име: ~ Пе́ровић.

2. хип. од Бранислав.

Бра̑нко̄в, -ова, -ово који припада Бранку.
Бра̑нковић 1. презиме: Ву̑к ~.

2. (бра̑нковић) издајник. — Бра̑нковићи су на̏ј-
покоња̄ со̀рта љу́дӣ.
Изр. Ву̑к ~ издајник. — Припѝта̄ва̄ јѐдно̄г ѝз-

да̄јнӣка | По̀ имену Ву̑ка Бра̑нковића.

Бра́но, -а м (вок. Бра̑но и Бра́но) хип. од Брани-
слав, Бранко и сл.

бра́но, -а м (вок. бра̑но и бра́но) хип. драг муш-
карац.

Бра́но̄в, -ова, -ово који припада Брану.

бра̀њевина ж (дат. мн. бра̀њевина̄ма) имовина
(ливада, њива, шума и сл.) у коју се не сме пуштати
стока, сећи дрва и сл.; исп. забран. — Нѐ да̄ у бра̀-
њевину ни ти̏ци. — Да́ли ми ђа̏волу бра̀њевину.

бра́ње̄ње с гл. им. од бранити.

бра̀ственӣ и бра̏ственӣ, -а̄, -о̄ који се односи на
братство, братствени; братски.

браствѐнӣк, -и́ка (вок. бра̏ственӣче, вок. мн.
бра̏ственӣци) и бра̏ственӣк, -а м припадник братства,
братственик. — Пе́ро и Да̀нило су бра̏свеници, не̑ће
о̀ни јѐдан на̏ друго̄га.

браствѐнӣчкӣ и бра̏ственӣчкӣ, -а̄, -о̄ који припада
братственицима: ~ шу̏ма.

бра̀ство с 1. сроднички живаљ обухваћен, обје-
дињен једним презименом, род, породица. — Не̑ма̄
та̀ко̄г мо̀нка ни у јѐдно̄м у̀скочко̄м бра̀ству.

2. крвна сродност, блискост међу припадницима
народа, рођаштво. — Цр̑на Го̀ра ра̑ђа ла̏ве | Што за
бра̀ство и једи́нство | Му̏шки да̀јӯ сво̀е гла̑ве (НП).

бра̏т м (ген. мн. бра̑та̄) у изр. ~ бра̏ту заиста,
одиста. — Има̄ у о̀во̄м си̏јену бра̏т бра̏ту сто̀ то-
ва̄ра̄. — Вријѐдӣ толѝко бра̏т бра̏ту. ја̏дан бра̏те
1) несрећо, несрећниче. 2) не задесила те несрећа!
Заг. Два̑ се бра̏та за̏едно ро̀дише̄, | Сву̏д по сви-
јѐту за̏едно о̀дише̄, | Јѐдан дру̏го̄г нѐ виђеше̄ (очи).

брата̀нић м син од брата. — Вла̀димӣр ми је
брата̀нић.

брата̀ница ж (дат. мн. брата̀ница̄ма) кћи од
брата. — Мѝлуша е Јо́ву брата̀ница. — Ка̑же̄ се
брата̀ница и̏ли шће̑р о̀д брата.

брата̀ничина и брата́ничина ж в. братаница. —
По̀вео со̏бо̄м брата́ничину у Сѝња̄вину, о̑н да ко̏сӣ,
а о̀на да пла̑стӣ.

  бра̏те узречица. — Не̑ј, бра̏те, бо̏гами. — Ра́-

дијо сам, бра̏те, ци̏јелог живо̀та па ни̏шта.

бра̀тӣћ, -и́ћа м (вок. бра̏тӣћу) дем. и хип. од
брат. — А̏јде са̏ мно̄м, бра̏тӣћу мо̑ј.

бра̏тко, -а м хип. од брат.

бра́то, -а (вок. бра̑то и бра́то) хип. од брат. —
Нѐ зна̄м о̏ће ли шће̏ти бра́то да иде́мо у̏ планину.
  бр́ато̄в, -ова, -ово хип. који припада бра́ту. —
О̏пра̄ла сам бра́тову ко̀шуљу.

бра́товић м (обично у вок. у ирон., подсмеху,

претњи и сл.) в. драговић. — Чу̑ј, бра́товићу мо̑ј. –
Не́ћемо се ми, бра́товићу, сва̏ђа̄ти око̀ тога̄. — Не-

ћеш ти̑ та̀ко̄, бра́товићу!

брато́вље̄в, -ева, -ево који припада брату, бра-
тов: ~ ђѐца, ~ си̏ʲено.

бра̀тушко, -а м хип. в. брато.

бра̏ћа ж (вок. бра̏ћо) 1. зб. им. од брат, више брата

2. брат. — Нѐмо̄, та̀ко̄, бра̏ћо. — Та̀ко̄ ти је то,
мо̀ја бра̏ћо [м. мој брате].

бра̀ћан м (ген. мн. бра̏ћа̄на̄) хип. од брат.

бра̀ћано̄в, -ова, -ово хип. који припада браћану.

бра̏ћенац, -е̄нца м (ген. мн. бра̏ћена̄ца̄) један oд
браће. — И та̀ко̄ ѝзбавӣше̄ бра̏ће̄нца. — О̀нӣ су бра̏-
ће̄нци ве̏лика̄ ја̀чица, на̀ њӣг ма̏ло ко̑ сми̏ʲе у̀дарӣти.

бра́ћо, -а (вок. бра̑ћо и бра́ћо) хип. од брат.

бра́ћо̄в, -ова, -ово хип. који припада браћу.

бра̀ћӯнко, -а м хип. од брат.

бра̀ћӯнко̄в, -ова, -ово који припада браћунку.

бра̀цан м (ггн. мн. бра̏ца̄на̄) хип. од брат.

бр̀ацано̄в, -ова, -ово хиџ. који припада брацану.

бра̀цка̄, -е̄ ж (дат. бра̀цко̄ј) братска. — Нѐмо̄
та̀ко̄ бо̑кти [= бог ти] бра̀цка̄!

бра̀цкӣ, -а̄, -о̄ 1. братски. — Ви̏дӣш да си ѝ тӣ
о̀старо̄ и да те ву́че жѐља бра̀цка̄ и сво̑г ро̀дно̄г кра̏ја
да до̑ђе̄ш о̀вамо. — На̑с ве̑же̄ љу́бав бра̀цка̄.

2. најискренији, најтоплији, који је с највише
љубави. — При́ми бра̀цкӣ по̏здра̄в од тво̀е̄ сѐстре̄.

бра̏цки прил. 1. као брат, браћа. — Ти̑ ме бра̏цки
во̀лӣш.

2. најискреније, најтоплије, с највише љубави,
срдачно. — Бра̏цки су ме при́мили. — Бра̏цки су ме
уго̀стили. — Ми̑ смо ӣг бра̏цки до̀чека̄ли.

бра̏цко, -а м хип. од брат.
бра̏цко̄в, -ова, -ово хип. који приппада брацку.
бра́цо, -а м (вок. бра̑цо и бра́цо) хип. од брат.

бра́шња ж (вок. бра̑шњо) женска особа упрљана
брашном; она која се нечисто држи. — Ти̑ се жѐни
о̀но̄м бра́шњо̄м, ја̑ не́ћу. — Нѐ виде̄ се о̏чи о̀но̄ј бра́ш-
њи.

бра̏шња̄в, -а̄ва, -а̄во 1. који има брашна на себи,
брашнав. — О [= од] чѐга ми ʲе бра̏шња̄в о̀вӣ ка̀-
пӯт? — Е̏во ти ʲе бра̏шња̄в ру̀ка̄в.

2. који се лако троши, трошан, сипак, који има
својство брашна; исп. прљав. — Ја̑ во̀лӣм бра̏шњаве̄
кунпиʲѐре.

бра̏шња̄вац, -а̄вца м (ген. мн. бра̏шња̄̆ва̄ца̄)
кромпир који постане сипак кад се испече. — Ја̑ во̀-
лӣм да је̏де̄м бра̏шња̄вце с твр̑дӣм си̏ром.

бра̀шња̄к, -а́ка м в. брашњавац.

бра̀шњара ж (ген. мн. бра̏шња̄ра̄, дат. бра̀шња-
ра̄ма) 1. она која често меси хлебове те се упрља
брашном; неуредна, немарна, прљава жена. — Васѝ-
лиʲа е о̀ткад је зна̑м би́ла бра̀шњара.
