башти́нa̤ц и башти́нец, -нца м баштован, повртар. – Ова̤̄ мо̑ј бра̏т је до̏бa̤р
башти́нец, а ја̄ – ђа̏во̄ по̏пӣо. На̄и̏ја̄ши су бо̏љӣ башти́нци нȏ ми̑.

баштова̑н, -а́на м врт, градина, повртњак. – А̏јмо у баштова̑н да зали̏јемо
патлиџа̏не. Е̏во са̤̏д дола̏зӣм ис баштова́на, да се пресву̑че̄м, па̄ ћемо да с́еди́мо
(Будимља).

башу́рит, -у̑рӣм несвр. I. (обично о животињама) припитомљавати, мазити;
исп. башкат. – Не башу́ри то̄ па̤̀шче, оста̏ће ти да га ти̑ држи̑ш. Што башу̑рӣш то̄
па̀шче Мили̏воево, мо̏же ни поку̏пӣт ја́ја. На̏јвише̄ во̏лӣ да башу̑рӣ сео̏цка̄ па̏шча̄д,
сва̏кое̄ га у сѐло позна̀е. II. ~ се умиљавати се, мазити се; исп. башкат се. – Чије̑ се
оно па̤̀шче башу̑рӣ око ђеце̑?

ба̑шча ж башта, воћњак. – И̏ма̄те лијѐпу ба̑шчу. Ове̄ године̄ ми у ба̑шчу ни̏је
ни̏шта роди̏ло.

ба̤̏ м у изр. бит бa̤ове, (у)бити бa̤овима слаткоречиво и лукаво говорити да би
се постигао неки циљ или избегавати одговор који не би ишао у прилог; исп. в. бит
бафту (под бафта изр.). – Е̑, ве̏ликӣ је оно̄ ма̑јстор, јеси̏ ли ви̏дӣо како би̏је ба̤̏ови̏ма,
сви̑ђа̄ му се тво̀ја шће̑р, ра̏д би ју би̏о за̏ сӣна. Про̄ба̏о са̏м да га иску̏шам, но̄ се не да̑,
уби̏је бa̤ови̏ма, не зна̑ш му. Е̑, ве̏ликӣ је оно̄ ма̑јстор, јеси̏ ли ви̏дӣо како би̏је бa̤ови̏ма,
сви̑ђа̄ му се тво̀ја шће̑р, ра̏д би ју би̏о за̏ сӣна. Про̄ба̏о сa̤м да га иску̏ша̄м, но̄ се не да̄,
уби̏је бa̤ови̏ма, не зна̑ш му кра̏ја. Би̏је ба̤̏ове. Не̏што му, изгле̑да̄, тре̏ба̄, па̄ ме стра̏шӣ.

бa̤бу̑шка ж 1. врста гљиве. – Не га̄ђи̏те се, ђе̏цо, тијема бa̤бу̑шка̄ма и опе̏рите
ру̑ке, е су о̏тро̄вне. – На́род је о̏вога̄ ље̏та до̀бро зара̄ди̏о на бa̤бу̑шке. О̏вце мло̏го во̏ле̄
бa̤бу̑шке. 2. пена из уста. – О̄јде̏ му бa̤бу̑шка на у́ста и – ни̏ђе дӯше̑. 

ба̤̏дњача̄р м мушкарац који сече и доноси бадњаке. – Пу̏цајӯ ба̤̏дњача̄ри, прола̑ма̄
се доли̏на Ли́ма. Ба̤̏дњача̄ри о̄јдо̏ше у шу̏му, кa̤д до̑ђӯ – да и сре̏те̄мо по о̏бича̄ју.

Ба̤̏дњӣ да̤̑н – О̄н сва̏ке̄ го̏дине̄ на Ба̤̏дњӣ да̤̑н пора̏нӣ при̏је сва̏ко̄га и доне̏се̄
ба̤̏дња̄ке. Што не пости̑ш макар за̤̏дњӯ неђе̏љу да̤̄на̤̑, но̄ са̏мо на Ба̤̏дњӣ да̤̑н? Сре̏тнӣ
ви Ба̤̏дњӣ да̤̑н и ба̤̏дња̄ци!

ба̤̀жђет, бa̤зди̑м несвр. смрдети, заударати. – Шта ово̄ бa̤зди̑, ка̄ да е не̏ђе мр̏ша?
Ова̄ раки̏ја ни̏чему не вa̤ља̑, на̏ нешто бa̤зди̑. Како ова̄ базду́а ја́ко бa̤зди̑ по̏слије ки̏ше̄.

ба̤́зда, ба̤̄зде̑ ж смрад. – Туди̏је се не мо̏же про̑ј од некакве̄ ба̤̄зде̑.

ба̤́здо, -а м прљава мушка особа која непријатно мирише, смрдљивац. – Она̤̄ се
ба̤́здо, изгле̑да̄, ни̏кa̤д не ку̑па̄. Оку̑па̄ се, ва̤̏с бa̤зди̑ш, нађе̏нӯће ти ђѐца и̏ме ба̤́здо.

бa̤зду́а, бa̤здӯе̑ ж зељаста биљка јаког мириса, татула; исп. смрдљика и смрдуа.
– Сву̏ј ра̄сте̑ бa̤зду́а. Пи̏, како смр̄ди̑ ова̄ базду́а по̏слије ки̏ше̄. И од бa̤здӯе̑ су пѐкли
раки̏ју кa̤д нијѐсу имали од чѐга дру̏го̄га. Е̏но и гове̏да у бa̤зду́у.

бa̤зду̏ља ж прљава, смрдљива женска особа, смрдљивица. – Како чо̏ек тр̄пи̑ онӯ
бa̤зду̏љу, како ју о̑н не наће̏ра̄ да се оку̑па̄. До̏бa̤р чо̏ек, но̄ и̏ма̄ на́кву бa̤зду̏љу жене̑,
то̄ ни̏чему не вре̄ди̑.

ба̤̏мба̄ц узвик за опонашање звука који се чује при паду. – Пофуја̏ се на̏ ле̄д –
ба̤̏мба̄ц, добро̏ сa̤м се разби̏о. Разбоље̏ се зиму̑с од гри̏па, те ба̤̏мба̄ц, де̏се да̤̄на̤̑ на
посте̏љу. Па̏де ми дијѐте на по̏пра̄внӣ, ба̤̏мба̄ц, из матема̏тике̄.

ба̤̀ндат и бѐндат, -а̑м несвр. уважавати некога, зарезивати, хајати, марити. –
Не бa̤нда̑ ме коли̏ко да нијѐсa̤м жи̑в. Не бa̤нда̑ та̤̑ ни ца̏ра ни ће̏са̄ра.

ба̤̀нут, ба̤̏не̄м свр. изненада доћи, банути. – Умијѐси ље̏ба, нека се на̑ђе̄, мо̏гӯ
ба̤̀нут го̀сти. Ба̤̏нӯ си̏но̄ј Мо́мо ис Биогра̏да, нијесмо̏ му се на̄да̏ли.
