бауљи̏на ж животиња која мили, гмиже (буба, змија и сл.). – Из́е̏ла га некаква
бауљи̏на, па̄ му е отѐкла ру́ка.

бау̑н, -у́на м путнички ковчег, већи путнички кофер. – Из во̄јске̑ се̄ вр̄ну̏о без
бау́на.

ба̏ца ж бела овца без белега на глави и име таквој овци. – Ба̏ца е би́ла ми́рна и
до̀бро се му̏зла.

ба̀цан, баца̏на м бели ован без белеге на глави и име таквом овну. – Пр. в. под
гарушан.

ба̏цӣн, -ина, -ино који потиче од баце, који припада баци. – Добро̏ смо се наје̏ли
ба̏цино̄га ја̄рду̏ма.

ба̀чат, бача̑м несвр. I. 1. бацати. – Бача̏јӯ ђѐца каме̑ње у лива̏ду, па̄ ви̑че̄м на̀
њи. 2. остављати нешто, одрицати се употребе нечега. – Оћемо ли ба̀чат дува̑н,
сa̤горе̏смо од врагопи́тка. 3. фиг. трошити лакомислено и непотребно, траћити. –
Не̑ма̄м ја̄ па̑ра̤̄ да бача̑м за некаке будала̄шти̏не. II. ~ се бацати (1). – Бача̏јӯ се ђѐца
каме̑њем.

ба̏чва и ба̤̏чва ж буре, бачва. – И̏ма̄м дви̏је ве̏лике̄ ба̏чве пу̏не раки̏је̄. Кӯпи̏о сa̤м
код Србија̑на̄ца̄ у Бера̏не ба̤̏чву, фа̏та̄ три̏ста ки̑ла̤̄. Дебе̏о ка̄ ба̏чва

бачи́ват, -и̑ва̄м несвр. бацати. – Немо̑те кла̏т дру̏го̄га бра̑ва, би̏ће до̏ста ме̑са, да
не оста̏е, па да се бачи̑ва̄. Немо̑те, ђе̏цо бачи́ват то̄ каме̑ње у лива̏ду.

ба̏чӣт, -ӣм свр. I. 1. а. хитнути, врћи, бацити. – Ба̏чи ка̏ме̄н на гове̏да да се
вр̑нӯ, о̏ће̄ у лива̏ду. б. брзим покретом ставити. – Ба̏чи покрива̑ч преко те ђе̏це̄.
2. престати употребљавати, оставити, одбацити. – Ба̏чӣо сa̤м дува̑н, наре̄ди̏ли
ми љека́ри; да га не оста̏вӣ, нѐ би би̏о жи̑в. Да не̏ бачӣ раки̏ју, са̤̏д нѐ би би̏о жи̑в.
Бље̏ӯ Талија́ни ба̏чӣли пу̏шке и са́ми се преда̄ју̑. 3. лакомислено и непотребно
потрошити, протраћити. – Ба̏чӣо си толи̏ке̄ па̏ре ни̏ за што. 4. донети на свет. – II.
~ се 1. бацити (1). – Не̏ко се ба̏чӣо ка̏меном. Немо̑те се, ђе̏цо, ба̀чат, мо̏жете не̏ко̄га
у̀бит ка̏меном. Ба̏чи се на гове̏да да не и̏дӯ у лива̏ду. Ба̏чӣ се у̏ ба̄нду и по̏бљеже. 2.
наследити нечије особине, уметнути се, увргнути се на некога. – Ба̏чӣо се на у̏ја̄ка,
зато̑ е до̏бa̤р, ни̏је на о̀ца. На ко̄га̏ се ба̏чӣ она̄ ве̏ља̄ по̏га̄н? Изр. бачит мађије (чини)
празн. замађијати. – Шта̏ е оно̄ ш њи̑м, ка̄ да му неко ба̏чӣ мађи̏је? Ово̄ е, че̏ља̄ди,
некакво чу̏до, ово̄ е не̏ко ба̏чӣо мађи̏је! Она̏ква̄ ђево̄јка, но̄ јо̄ј не̏ко ба̏чӣ чи̑ни.

баџи̏ја ж сточарска колиба у планини. – При̏је ра̏та у кату̑н је би́ло ви̏ше̄ од
педесе̑т ба̏џӣја̤̄, а са̤̏д не̑ма̄ ни де̏се̄т (Брезојевице).

баџу̏ра ж пеј. 1. стара особа. – Ми̑рко е баџу̏ра ста̑р̄а, ка̀ка њего̏ва жени̏дба.
Па̏ло на̑м оно̄ј баџу̏ри да се же̏нӣ. Због чѐга баџу̏ра ста̑ра̄ да во̏зӣ а̏утобус кa̤д и̏ма̄
мла̑дӣја̤̄ воза̄ча̤̑. 2. стара животиња. – И̏ма̄те некакву баџу̏ру ко̀ња, то̄ бље̏ше ста̏ро
и багљи̏во. Ова̄ баџу̏ра кра̏ве̄ ни̏је ви̏ш̏е̄ за држа̑ње. Овӯ баџу̏ру кра̏ве̄ оћу да ми̏че̄ш,
и̏ма̄м лијѐпу јуни̏цу, води̏ла е.

баџури̏на ж аугм. од баџура. – Ко ће баџури̏ну ста̑рӯ да у̏зме̄. Ста̑ре̄ баџури̏не се
не же̏не̄ ни̏ уда̄ју̑. Ми̏чите овӯ баџури̏ну кра̏ве̄, и̏ма̄те лијѐпу ју̏ницу, па̄ њу̑ др̏жите,

башаме̏нa̤т, -нта м појас зида изнад пода који се није кречио него бојио у неку
боју. – Са̏д ни̏ко не оста̏вља̄ башаме̏нa̤т, но̄ се кре̏чӣ све̏ од по̀да. Башаме̏нa̤т смо
обо̏ја̄ли пла̑во̄м бо̏јо̄м.

ба̀шкат (се), башка̑м (се) несвр. в. башурит (се). – Немо̑ то̄ па̤̀шче да башка̑ш
туди̏је. Шта се та ма̏чка Шпӣро̏ва башка̑ овуди̏је?
